// Jest Snapshot v1, https://goo.gl/fbAQLP

exports[`AddPollModal renders correctly 1`] = `null`;
