// Jest Snapshot v1, https://goo.gl/fbAQLP

exports[`PollListItem renders correctly 1`] = `undefined`;
