// Jest Snapshot v1, https://goo.gl/fbAQLP

exports[`renders correctly 1`] = `
.c0 {
  text-align: center;
}

<h1
  class="c0"
>
  Main Heading
</h1>
`;
