// Jest Snapshot v1, https://goo.gl/fbAQLP

exports[`Graph renders correctly when \`poll\` prop is passed in 1`] = `
<canvas
  class="chartjs-render-monitor"
  height="0"
  style="display: block;"
  width="0"
/>
`;
