// Jest Snapshot v1, https://goo.gl/fbAQLP

exports[`renders correctly 1`] = `
.c0 {
  color: #dc3545;
}

<div
  class="c0"
>
  There's an error
</div>
`;
