// Jest Snapshot v1, https://goo.gl/fbAQLP

exports[`LoginModal renders correctly when \`isOpen\` props is true 1`] = `null`;
