// Jest Snapshot v1, https://goo.gl/fbAQLP

exports[`RequireAuth renders correctly when auth is an object 1`] = `<div />`;
